[nhstayside.foundation/index.html]
[backblue.gif]
[fade.gif]
[index.html]
[nhstayside.foundation/wp-content/uploads/2023/11/WebCover-Desktop-Recovered-2.jpg]
[nhstayside.foundation/wp-content/litespeed/ucss/e6a5c80b27d96983ba785343d8dc12f64c8a.css]
[nhstayside.foundation/wp-content/plugins/litespeed-cache/assets/js/css_async.min.js]
[nhstayside.foundation/wp-content/uploads/2024/11/Untitled-design-1-09.17.32.png]
[nhstayside.foundation/feed/index.html]
[nhstayside.foundation/comments/feed/index.html]
[nhstayside.foundation/wp-content/uploads/2024/11/SFW-iStock-1688412438.jpg]
[nhstayside.foundation/wp-content/uploads/2023/10/SMac_Art_Community_Hospital_Crieff_52728488-2xok2bs69-1536x1024-1.jpg]
[nhstayside.foundation/wp-json/index.html]
[nhstayside.foundation/wp-json/wp/v2/pages/44.json]
[nhstayside.foundation/xmlrpc0db0.php]
[nhstayside.foundation/wp-json/oembed/1.0/embedf52f.json]
[nhstayside.foundation/wp-json/oembed/1.0/embedf85d]
[nhstayside.foundation/wp-content/uploads/2023/10/NHSTCF-Icon-FAVICON-150x150.png]
[nhstayside.foundation/wp-content/uploads/2023/10/NHSTCF-Icon-FAVICON-300x300.png]
[nhstayside.foundation/wp-content/uploads/2024/08/NHSTCF-AnnualReport-WEB.pdf]
[nhstayside.foundation/contact-us/index.html]
[nhstayside.foundation/call-and-deliver/index.html]
[nhstayside.foundation/faqs/index.html]
[nhstayside.foundation/wp-content/uploads/2024/01/NHSTCF-DPIA-2023.pdf]
[nhstayside.foundation/about-us/index.html]
[nhstayside.foundation/ways-to-support/index.html]
[nhstayside.foundation/gift-shop-hub/index.html]
[nhstayside.foundation/wp-content/uploads/2024/01/NHSTCF-StrategyDoc-V2_17-10-24.pdf]
[nhstayside.foundation/apply-for-funding/index.html]
[nhstayside.foundation/fundraising/index.html]
[nhstayside.foundation/sponsorship-packages/index.html]
[nhstayside.foundation/wp-content/uploads/2024/01/NHSTCF-CommunicationPlan-V1.pdf]
[nhstayside.foundation/projects-awarded/index.html]
[nhstayside.foundation/kiltwalk-dundee/index.html]
[nhstayside.foundation/our-projects/index.html]
[nhstayside.foundation/wp-content/uploads/2024/01/NHSTCF-GovernancePlan-V1.pdf]
[nhstayside.foundation/christmas-giving-appeal/index.html]
[nhstayside.foundation/2025/04/10/wellbeing-woods-project/index.html]
[nhstayside.foundation/category/case-study/index.html]
[nhstayside.foundation/wp-content/uploads/2024/11/NHSTCF-GrantMakingPolicy-V1.pdf]
[nhstayside.foundation/category/projects/index.html]
[nhstayside.foundation/2025/03/27/the-impact-of-our-partnership-with-heart-space/index.html]
[nhstayside.foundation/2025/03/04/covid-response-for-staff-and-patients/index.html]
[nhstayside.foundation/wp-content/uploads/2024/11/NHSTCF-Annual-Accounts-2023-24-for-submission-to-OSCR.pdf]
[nhstayside.foundation/wp-content/uploads/2024/08/prod_372602lo.pdf]
[nhstayside.foundation/2025/03/04/tayside-healthcare-arts-trust-2021-22/index.html]
[nhstayside.foundation/privacy-policy/index.html]
[nhstayside.foundation/wp-content/plugins/litespeed-cache/guest.vary.html]
[nhstayside.foundation/index.html]
[nhstayside.foundation/wp-includes/fonts/dashicons7d4b.eot]
[nhstayside.foundation/complaints-procedure/index.html]
[nhstayside.foundation/wp-content/litespeed/ucss/e6a5c80b27d96983ba785343d8dc12f64c8a.css]
[nhstayside.foundation/wp-content/uploads/2023/11/NHSTCF-Icon-NEG-NS.svg]
[nhstayside.foundation/wp-content/litespeed/ucss/a7908beef41965c1dc70b2a30810a42e4c8a.css]
[nhstayside.foundation/wp-content/uploads/2024/11/new-Arran-03-Discovery-Box-10.00-image-2-scaled.jpg]
[nhstayside.foundation/wp-content/uploads/2023/10/NHSTCF-Icon-POS-NS.svg]
[nhstayside.foundation/wp-json/wp/v2/pages/2878.json]
[nhstayside.foundation/wp-json/oembed/1.0/embedf3c9.json]
[nhstayside.foundation/wp-json/oembed/1.0/embed18d9]
[nhstayside.foundation/wp-content/uploads/2025/04/WhatsApp-Image-2025-04-09-at-10.40.34.jpg]
[nhstayside.foundation/wp-content/uploads/2025/03/484111652_9201417113240474_6728841571248089035_n.jpg]
[nhstayside.foundation/wp-content/uploads/2025/03/DoR_Marking_Heaty.png]
[nhstayside.foundation/wp-content/uploads/2025/03/THAT.jpg]
[nhstayside.foundation/wp-content/uploads/2025/02/SB-Elevate®-dance-health-classes-for-people-living-the-multiple-sclerosis.-Photo-by-Andy-Ross-1-scaled.jpg]
[nhstayside.foundation/wp-content/uploads/2025/02/image.jpg]
[nhstayside.foundation/call-and-deliver/index.html]
[nhstayside.foundation/wp-content/litespeed/ucss/459bb6dade67c326e5593e6119e3cda14c8a.css]
[nhstayside.foundation/wp-json/wp/v2/pages/985.json]
[nhstayside.foundation/wp-json/oembed/1.0/embedd0f6.json]
[nhstayside.foundation/wp-json/oembed/1.0/embedce74]
[nhstayside.foundation/faqs/index.html]
[nhstayside.foundation/wp-content/litespeed/ucss/375d04483652fc59439ecfa7d03560ac4c8a.css]
[nhstayside.foundation/wp-json/wp/v2/pages/940.json]
[nhstayside.foundation/wp-json/oembed/1.0/embed84bd.json]
[nhstayside.foundation/wp-json/oembed/1.0/embed5712]
[nhstayside.foundation/contact-us/index.html]
[nhstayside.foundation/wp-content/litespeed/ucss/4efff092c98fb0e02cca65663391f4224c8a.css]
[nhstayside.foundation/wp-json/wp/v2/pages/830.json]
[nhstayside.foundation/about-us/feed/index.html]
[nhstayside.foundation/wp-json/oembed/1.0/embed4e24.json]
[nhstayside.foundation/wp-json/oembed/1.0/embed16fd]
[nhstayside.foundation/wp-content/uploads/2024/10/Headshot-1-Large-e1730202320592.jpg]
[nhstayside.foundation/wp-content/uploads/2024/04/NHS-Headshots-Master-Vicky.jpg]
[nhstayside.foundation/wp-content/uploads/2024/01/NHS-Headshots-Wendy.jpg]
[nhstayside.foundation/wp-content/uploads/2024/01/NHS-Headshots-Gillian.jpg]
[nhstayside.foundation/wp-content/uploads/2024/04/NHS-Headshots-Master-Carolyn.jpg]
[nhstayside.foundation/wp-content/uploads/2024/10/Headshot-2-Large-e1730202603684.jpg]
[nhstayside.foundation/wp-content/uploads/2024/02/NHS-Headshots-Alison2.jpg]
[nhstayside.foundation/wp-content/uploads/2024/01/NHS-Headshots-Richard.jpg]
[nhstayside.foundation/wp-content/uploads/2024/10/Headshot-3-Large-e1730203104507.jpg]
[nhstayside.foundation/about-us/index.html]
[nhstayside.foundation/wp-content/litespeed/ucss/3280b92b1baa3cb7bfcee0bf74073a894c8a.css]
[nhstayside.foundation/wp-content/uploads/2024/02/Hub-Giftshop-2-web.jpg]
[nhstayside.foundation/wp-content/uploads/2024/02/Hub-Giftshop-2-websquare.jpg]
[nhstayside.foundation/gift-shop-hub/feed/index.html]
[nhstayside.foundation/wp-json/wp/v2/pages/1372.json]
[nhstayside.foundation/wp-json/oembed/1.0/embed9874.json]
[nhstayside.foundation/wp-json/oembed/1.0/embed2421]
[nhstayside.foundation/wp-content/uploads/2024/02/Hub-Giftshop-21-websquare.jpg]
[nhstayside.foundation/wp-content/uploads/2024/02/Hub-Giftshop-20-websquare.jpg]
[nhstayside.foundation/wp-content/uploads/2024/02/Hub-Giftshop-5-websquare.jpg]
[nhstayside.foundation/wp-content/uploads/2024/02/Hub-Giftshop-19-websquare.jpg]
[nhstayside.foundation/wp-content/uploads/2024/02/Hub-Giftshop-1-websquare.jpg]
[nhstayside.foundation/gift-shop-hub/index.html]
[nhstayside.foundation/wp-content/litespeed/ucss/0f42c4019bb91437a1eea4660e8edd534c8a.css]
[nhstayside.foundation/wp-content/uploads/2024/01/fun-run-coporate.jpg]
[nhstayside.foundation/ways-to-support/feed/index.html]
[nhstayside.foundation/wp-json/wp/v2/pages/1167.json]
[nhstayside.foundation/wp-json/oembed/1.0/embed7f95.json]
[nhstayside.foundation/wp-json/oembed/1.0/embede798]
[nhstayside.foundation/wp-content/uploads/2024/08/Donations-Leaflet.pdf]
[nhstayside.foundation/wp-content/uploads/2024/10/181927-NHSTCF-Legacies-GiftWill-AdCopy.pdf]
[nhstayside.foundation/ways-to-support/index.html]
[nhstayside.foundation/wp-content/litespeed/ucss/d8b29e664eb147778078ed93a8e744d24c8a.css]
[nhstayside.foundation/wp-json/wp/v2/pages/3499.json]
[nhstayside.foundation/wp-json/oembed/1.0/embedc736.json]
[nhstayside.foundation/wp-json/oembed/1.0/embedf5f4]
[nhstayside.foundation/sponsorship-packages/index.html]
[nhstayside.foundation/wp-content/uploads/2023/10/SMac_Art_Community_Hospital_Crieff_52728499-2xfdaudd1-846x564-1.jpg]
[nhstayside.foundation/wp-content/litespeed/ucss/113e65e112d788bacbcd6620423727ba4c8a.css]
[nhstayside.foundation/wp-json/wp/v2/pages/2891.json]
[nhstayside.foundation/wp-json/oembed/1.0/embed58de.json]
[nhstayside.foundation/wp-json/oembed/1.0/embed8aed]
[nhstayside.foundation/wp-content/uploads/2024/10/NHSTCF-Bunting-1.png]
[nhstayside.foundation/wp-content/uploads/2024/10/NHSTCF-Cake-Flags.png]
[nhstayside.foundation/fundraising/index.html]
[nhstayside.foundation/wp-content/litespeed/ucss/57f86cb093c289645cd6b207a770537e4c8a.css]
[nhstayside.foundation/wp-json/wp/v2/pages/177.json]
[nhstayside.foundation/wp-json/oembed/1.0/embed8bfb.json]
[nhstayside.foundation/wp-json/oembed/1.0/embedf60a]
[nhstayside.foundation/wp-content/uploads/2024/07/NHSTCF-Funding-InstagramPost.jpg]
[nhstayside.foundation/wp-content/uploads/2024/07/NHSTCF-Funding-InstagramStory-Large.jpg]
[nhstayside.foundation/wp-content/uploads/2024/07/NHSTCF-Funding-A4-TextOnly.jpg]
[nhstayside.foundation/apply-for-funding/index.html]
[nhstayside.foundation/wp-content/litespeed/ucss/504dc9b173b64a4b5fd8f1b505ee95fc4c8a.css]
[nhstayside.foundation/wp-json/wp/v2/pages/714.json]
[nhstayside.foundation/our-projects/feed/index.html]
[nhstayside.foundation/wp-json/oembed/1.0/embed3b56.json]
[nhstayside.foundation/wp-json/oembed/1.0/embed2ef4]
[nhstayside.foundation/our-projects/index.html]
[nhstayside.foundation/2025/02/24/scottish-ballet-receives-funding-from-nhs-tcf/index.html]
[nhstayside.foundation/2025/02/21/perth-concert-hall-dance-for-parkinsons/index.html]
[nhstayside.foundation/wp-content/litespeed/ucss/ffe36d8a81e03446cb75f150ed1340aa4c8a.css]
[nhstayside.foundation/our-projects/index966e.html]
[nhstayside.foundation/our-projects/index2e6c.html]
[nhstayside.foundation/our-projects/index7a3f.html]
[nhstayside.foundation/wp-json/wp/v2/pages/365.json]
[nhstayside.foundation/wp-json/oembed/1.0/embedbada.json]
[nhstayside.foundation/wp-json/oembed/1.0/embeda244]
[nhstayside.foundation/projects-awarded/index.html]
[nhstayside.foundation/wp-content/litespeed/ucss/80ae6db020f339298121eb0d78eef4784c8a.css]
[nhstayside.foundation/wp-includes/js/jquery/jquery-migrate.min.js]
[nhstayside.foundation/wp-content/plugins/sticky-header-effects-for-elementor/assets/js/she-header.js]
[nhstayside.foundation/wp-json/wp/v2/pages/2863.json]
[nhstayside.foundation/wp-json/oembed/1.0/embedae5a.json]
[nhstayside.foundation/wp-json/oembed/1.0/embed95f4]
[nhstayside.foundation/wp-content/uploads/2025/03/Kiltwalk-Welcome-Pack-2.zip]
[nhstayside.foundation/wp-content/uploads/2024/12/NHS-TCF-Digital-Welcome-Pack-Kiltwalk.pdf]
[nhstayside.foundation/wp-content/uploads/2024/09/Foundation50-IGPost-web.jpg]
[nhstayside.foundation/wp-content/uploads/2024/09/Foundation50-IGStory-web-scaled.jpg]
[nhstayside.foundation/wp-content/themes/hello-elementor/assets/js/hello-frontend.min.js]
[nhstayside.foundation/wp-content/plugins/elementor-pro/assets/lib/sticky/jquery.sticky.min.js]
[nhstayside.foundation/wp-content/plugins/elementor-pro/assets/lib/smartmenus/jquery.smartmenus.min.js]
[nhstayside.foundation/wp-content/plugins/elementskit-lite/libs/framework/assets/js/frontend-script.js]
[nhstayside.foundation/wp-content/plugins/elementskit-lite/widgets/init/assets/js/widget-scripts.js]
[nhstayside.foundation/wp-content/plugins/elementor-pro/assets/js/webpack-pro.runtime.min.js]
[nhstayside.foundation/wp-content/plugins/elementor/assets/js/webpack.runtime.min.js]
[nhstayside.foundation/wp-content/plugins/elementor/assets/js/frontend-modules.min.js]
[nhstayside.foundation/wp-includes/js/dist/hooks.min.js]
[nhstayside.foundation/wp-includes/js/dist/i18n.min.js]
[nhstayside.foundation/wp-content/plugins/elementor-pro/assets/js/frontend.min.js]
[nhstayside.foundation/wp-includes/js/jquery/ui/core.min.js]
[nhstayside.foundation/wp-content/plugins/elementor/assets/js/frontend.min.js]
[nhstayside.foundation/wp-content/plugins/elementor-pro/assets/js/elements-handlers.min.js]
[nhstayside.foundation/wp-content/plugins/elementskit-lite/widgets/init/assets/js/animate-circle.min.js]
[nhstayside.foundation/wp-content/plugins/elementskit-lite/widgets/init/assets/js/elementor.js]
[nhstayside.foundation/wp-content/plugins/elementskit/widgets/init/assets/js/elementor.js]
[nhstayside.foundation/kiltwalk-dundee/index.html]
[nhstayside.foundation/wp-content/litespeed/ucss/a0725bdce4bd89f32ce2588d8025b37f4c8a.css]
[nhstayside.foundation/wp-content/uploads/2024/11/SFW-iStock-1291263054.jpg]
[nhstayside.foundation/wp-json/wp/v2/pages/1096.json]
[nhstayside.foundation/wp-json/oembed/1.0/embed6a99.json]
[nhstayside.foundation/wp-json/oembed/1.0/embed39b8]
[nhstayside.foundation/christmas-giving-appeal/index.html]
[nhstayside.foundation/wp-content/litespeed/ucss/497d7a1b02af0946a332e47ac33ef9904c8a.css]
[nhstayside.foundation/wp-json/wp/v2/posts/3629.json]
[nhstayside.foundation/wp-json/oembed/1.0/embedb60e.json]
[nhstayside.foundation/wp-json/oembed/1.0/embed18b0]
[nhstayside.foundation/2025/04/10/wellbeing-woods-project/index.html]
[nhstayside.foundation/2025/02/19/feeding-bellies-not-bins-with-signpost-international/index.html]
[nhstayside.foundation/2025/01/28/nhs-tayside-charitable-foundation-supports-kanzen-for-life-with-25000-funding-boost/index.html]
[nhstayside.foundation/wp-content/litespeed/ucss/8d74b577826858dc8a23087842a5a89e4c8a.css]
[nhstayside.foundation/2025/01/20/the-impact-of-cake-or-dice-and-neon-digital/index.html]
[nhstayside.foundation/wp-json/wp/v2/categories/12.json]
[nhstayside.foundation/category/case-study/index.html]
[nhstayside.foundation/2024/10/07/new-therapeutic-garden-blooms-at-perth-royal-infirmary/index.html]
[nhstayside.foundation/wp-json/wp/v2/categories/6.json]
[nhstayside.foundation/category/projects/index.html]
[nhstayside.foundation/wp-content/litespeed/ucss/600423c17026d68075762ba3f46731944c8a.css]
[nhstayside.foundation/category/case-study/feed/index.html]
[nhstayside.foundation/category/projects/feed/index.html]
[nhstayside.foundation/wp-json/wp/v2/posts/3614.json]
[nhstayside.foundation/wp-json/oembed/1.0/embed25ca.json]
[nhstayside.foundation/category/case-study/page/2/index.html]
[nhstayside.foundation/wp-json/oembed/1.0/embed344e]
[nhstayside.foundation/wp-content/uploads/2025/03/NHSTCF-End-Of-Grant.pdf]
[nhstayside.foundation/2025/03/27/the-impact-of-our-partnership-with-heart-space/index.html]
[nhstayside.foundation/wp-json/wp/v2/posts/3552.json]
[nhstayside.foundation/wp-json/oembed/1.0/embed4b8f.json]
[nhstayside.foundation/wp-json/oembed/1.0/embed09dc]
[nhstayside.foundation/2025/03/04/covid-response-for-staff-and-patients/index.html]
[nhstayside.foundation/wp-content/litespeed/ucss/abb8d10c1c572b3de2a59e8824db18134c8a.css]
[nhstayside.foundation/wp-json/wp/v2/posts/3545.json]
[nhstayside.foundation/wp-json/oembed/1.0/embed7876.json]
[nhstayside.foundation/wp-json/oembed/1.0/embed0fff]
[nhstayside.foundation/2025/03/04/tayside-healthcare-arts-trust-2021-22/index.html]
[nhstayside.foundation/wp-content/litespeed/ucss/0169c7576e2e0aed723610cb3aa584da4c8a.css]
[nhstayside.foundation/wp-json/wp/v2/pages/3.json]
[nhstayside.foundation/privacy-policy/feed/index.html]
[nhstayside.foundation/wp-json/oembed/1.0/embed4039.json]
[nhstayside.foundation/wp-json/oembed/1.0/embed5ca2]
[nhstayside.foundation/privacy-policy/index.html]
[nhstayside.foundation/wp-content/litespeed/css/cf1608e6e85ba1349c9128e31c44644b590e.css]
[nhstayside.foundation/complaints-procedure/feed/index.html]
[nhstayside.foundation/wp-content/litespeed/css/90bd8fef553c2a2996acd838eb721a5fe59b.css]
[nhstayside.foundation/wp-content/litespeed/css/1683c36a602a3d0259849c32582eedfce2cb.css]
[nhstayside.foundation/wp-content/litespeed/css/20cfb673d9bdb2c31ef56d82b306f4f8f158.css]
[nhstayside.foundation/wp-content/litespeed/css/71c342de1cad9049b8a73be07dfa722e419f.css]
[nhstayside.foundation/wp-content/litespeed/css/8ae1e575297d1b9275f40df0ecdadbafab51.css]
[nhstayside.foundation/wp-content/litespeed/css/5ce4503e009d2b9c4052bff9184abd7c9e55.css]
[nhstayside.foundation/wp-content/litespeed/css/c26e57f582c4d18d892c1f8346a238f00961.css]
[nhstayside.foundation/wp-content/litespeed/css/beca550e0523d7795385aa22149395796850.css]
[nhstayside.foundation/wp-content/litespeed/css/5869cc67dc60192cfd48b2885671bf05c78f.css]
[nhstayside.foundation/wp-content/litespeed/css/f7f30995e730a942d9364dcad42f5fb782b7.css]
[nhstayside.foundation/wp-content/litespeed/css/e738c9be3efaff1cfb42df5c995b4b1fdda1.css]
[nhstayside.foundation/wp-content/litespeed/css/acdec32c4a3190bd6e5a12289f9ac172e528.css]
[nhstayside.foundation/wp-content/litespeed/css/9bfb004bc22dd45abc009774213b4d055880.css]
[nhstayside.foundation/wp-content/litespeed/css/6e661d7cbbb79c02673152b7cf8906b72e74.css]
[nhstayside.foundation/wp-content/litespeed/css/b9bacae873366be91a42a615b52a38dc2ea0.css]
[nhstayside.foundation/wp-content/litespeed/css/03e81975e05fecea400eac951de128c3a97f.css]
[nhstayside.foundation/wp-content/litespeed/css/6395f39dec2b11864ac8af361f9c9f064566.css]
[nhstayside.foundation/wp-content/litespeed/css/36ef549cde462b1047ba75e548f034993178.css]
[nhstayside.foundation/wp-content/litespeed/css/66a0fa5953323dac87b103f74873e6b0ee91.css]
[nhstayside.foundation/wp-content/litespeed/css/5abc05288699d4cf1dc58512b36c7dc1bb4a.css]
[nhstayside.foundation/wp-content/litespeed/css/5d887c682a2aa05238c8ddfe5d56250b5d0d.css]
[nhstayside.foundation/wp-content/litespeed/css/7c994b05cd95b2785f5268673f253ae18a7a.css]
[nhstayside.foundation/wp-content/litespeed/css/975c1a3aac8f1781a3a52e006154a579e51a.css]
[nhstayside.foundation/wp-includes/js/jquery/jquery.min.js]
[nhstayside.foundation/wp-content/litespeed/js/cfcd6c90c1ce5ee7be31e6768dcdd0384987.js]
[nhstayside.foundation/wp-content/litespeed/js/dfbfe6b52cadbc9c93f3029c134cc9cd87f8.js]
[nhstayside.foundation/wp-json/wp/v2/pages/333.json]
[nhstayside.foundation/wp-json/oembed/1.0/embedc81c.json]
[nhstayside.foundation/wp-json/oembed/1.0/embed0da8]
[nhstayside.foundation/wp-content/uploads/2023/10/NHSTCF-MasterLogo-POS.svg]
[nhstayside.foundation/wp-content/uploads/2023/10/NHSTCF-MasterLogo-POS-NS.svg]
[nhstayside.foundation/wp-content/uploads/2023/10/BridgeFM-Logo-Long.png]
[nhstayside.foundation/wp-content/uploads/2023/10/NHS-Charities-Together-Logo-1024x368.jpg]
[nhstayside.foundation/wp-content/uploads/2023/10/disability-confident-Committed-1024x488.jpg]
[nhstayside.foundation/wp-content/litespeed/css/1fff9c17f05e7fb49bf0ca4196a2c469e8a3.css]
[nhstayside.foundation/wp-content/litespeed/css/d5c1e5cb7ee52f195b9f05e3f4e3d2fc68c5.css]
[nhstayside.foundation/wp-content/litespeed/css/3fed2d3fd78e4e9e69b24d93be23d17987ff.css]
[nhstayside.foundation/wp-content/litespeed/js/c575d71c93da2e8f56433636c793dbe5750c.js]
[nhstayside.foundation/wp-content/litespeed/js/7a83a7c82ed637884d55d540b1697fdd0496.js]
[nhstayside.foundation/wp-content/litespeed/js/91148f55b2a51025d16259f234185ebde3b1.js]
[nhstayside.foundation/wp-content/litespeed/js/40df8392650e797d4d7d58b996deb6de6c87.js]
[nhstayside.foundation/wp-content/litespeed/js/d97075badd072aebaaa5ae5eb330668aa7cb.js]
[nhstayside.foundation/wp-content/litespeed/js/6d6f77110883b656134bfa609a5b5830f8d8.js]
[nhstayside.foundation/wp-content/litespeed/js/2fc2e84992056f3f235bfc523222ca891577.js]
[nhstayside.foundation/wp-content/litespeed/js/c68c8f04d8a21d12e58ba7405e8b9f69482c.js]
[nhstayside.foundation/wp-content/litespeed/js/4659501de99b5f673ea82d112ba25362f567.js]
[nhstayside.foundation/wp-content/litespeed/js/c28272b8c251ef4da44dd69769afec5146d7.js]
[nhstayside.foundation/wp-content/litespeed/js/482df052de8d6d34721bcf38fc6e4f4711e6.js]
[nhstayside.foundation/wp-content/litespeed/js/f68da7c8d8fe3ce9c4c2de509106c8062c00.js]
[nhstayside.foundation/wp-content/litespeed/js/5b2afa3f88deb71a83a88e8d72ea0650e2ee.js]
[nhstayside.foundation/wp-content/litespeed/js/05235dce3e6c063ed3146611321f457a30f4.js]
[nhstayside.foundation/wp-content/litespeed/js/62bce9ce32dc4679b7e38218bbb020e6af64.js]
[nhstayside.foundation/wp-content/litespeed/js/1f495def2abb94f01af5ee3c9b8cb2dcc896.js]
[nhstayside.foundation/wp-content/litespeed/js/3e8abf4394d6a0424fc53249200804788ecc.js]
[nhstayside.foundation/complaints-procedure/index.html]
[nhstayside.foundation/wp-content/plugins/litespeed-cache/guest.vary.html]
[nhstayside.foundation/wp-content/uploads/2023/11/NHSTCF-Icon-NEG-NS.svg]
[nhstayside.foundation/wp-content/litespeed/ucss/a7908beef41965c1dc70b2a30810a42e4c8a.css]
[nhstayside.foundation/wp-content/uploads/2023/10/NHSTCF-Icon-POS-NS.svg]
[nhstayside.foundation/index998d.html]
[nhstayside.foundation/wp-content/litespeed/ucss/459bb6dade67c326e5593e6119e3cda14c8a.css]
[nhstayside.foundation/indexdbf6.html]
[nhstayside.foundation/wp-content/litespeed/ucss/375d04483652fc59439ecfa7d03560ac4c8a.css]
[nhstayside.foundation/indexb253.html]
[nhstayside.foundation/wp-content/litespeed/ucss/4efff092c98fb0e02cca65663391f4224c8a.css]
[nhstayside.foundation/index975e.html]
[nhstayside.foundation/wp-content/litespeed/ucss/3280b92b1baa3cb7bfcee0bf74073a894c8a.css]
[nhstayside.foundation/index5262.html]
[nhstayside.foundation/wp-content/litespeed/ucss/0f42c4019bb91437a1eea4660e8edd534c8a.css]
[nhstayside.foundation/indexeab1.html]
[nhstayside.foundation/wp-content/litespeed/ucss/d8b29e664eb147778078ed93a8e744d24c8a.css]
[nhstayside.foundation/indexbfc0.html]
[nhstayside.foundation/wp-content/litespeed/ucss/113e65e112d788bacbcd6620423727ba4c8a.css]
[nhstayside.foundation/index4cc1.html]
[nhstayside.foundation/wp-content/litespeed/ucss/57f86cb093c289645cd6b207a770537e4c8a.css]
[nhstayside.foundation/indexb7c7.html]
[nhstayside.foundation/wp-content/litespeed/ucss/504dc9b173b64a4b5fd8f1b505ee95fc4c8a.css]
[nhstayside.foundation/index2df9.html]
[nhstayside.foundation/wp-content/litespeed/css/2a6e8c269c61f743b3c9d9a77f138a8bd82f.css]
[nhstayside.foundation/wp-content/litespeed/css/699f259b61b245acc9c4711c34c2e38572a5.css]
[nhstayside.foundation/wp-content/litespeed/css/4c27e48f3d83ca78e87888ac63def69d8d1d.css]
[nhstayside.foundation/wp-content/litespeed/css/4f39e2f182f4eda323f117d4c42803c50e0d.css]
[nhstayside.foundation/wp-content/litespeed/css/da37b2eca59fcc88ea9489b7630dc9eb64a4.css]
[nhstayside.foundation/wp-json/wp/v2/posts/3492.json]
[nhstayside.foundation/wp-json/oembed/1.0/embedc9f7.json]
[nhstayside.foundation/wp-json/oembed/1.0/embed8d12]
[nhstayside.foundation/wp-content/uploads/2025/02/SB-Elevate®-dance-health-classes-for-people-living-the-multiple-sclerosis.-Photo-by-Andy-Ross-1-1024x683.jpg]
[nhstayside.foundation/wp-content/uploads/2025/04/WhatsApp-Image-2025-04-09-at-10.40.34-225x300.jpg]
[nhstayside.foundation/wp-content/uploads/2025/03/484111652_9201417113240474_6728841571248089035_n-300x200.jpg]
[nhstayside.foundation/wp-content/uploads/2025/03/DoR_Marking_Heaty-300x300.png]
[nhstayside.foundation/wp-content/uploads/2025/03/THAT-300x225.jpg]
[nhstayside.foundation/wp-content/uploads/2025/02/image-300x225.jpg]
[nhstayside.foundation/wp-content/uploads/2025/02/Jamie-and-Shelley-300x200.jpg]
[nhstayside.foundation/wp-content/litespeed/js/dbbdba663740fca9fb0aa24b904f1f3830ab.js]
[nhstayside.foundation/2025/02/24/scottish-ballet-receives-funding-from-nhs-tcf/index.html]
[nhstayside.foundation/wp-json/wp/v2/posts/3486.json]
[nhstayside.foundation/wp-json/oembed/1.0/embed4712.json]
[nhstayside.foundation/wp-json/oembed/1.0/embed4182]
[nhstayside.foundation/wp-content/uploads/2025/02/image-1024x768.jpg]
[nhstayside.foundation/wp-content/uploads/2025/02/SB-Elevate®-dance-health-classes-for-people-living-the-multiple-sclerosis.-Photo-by-Andy-Ross-1-300x200.jpg]
[nhstayside.foundation/2025/02/21/perth-concert-hall-dance-for-parkinsons/index.html]
[nhstayside.foundation/wp-content/uploads/2025/02/Jamie-and-Shelley-1024x683.jpg]
[nhstayside.foundation/wp-content/uploads/2025/01/473442965_598574136129193_8133110173207279981_n-1024x683.jpg]
[nhstayside.foundation/wp-content/uploads/2025/01/20250117_153147-1024x768.jpg]
[nhstayside.foundation/wp-content/uploads/2024/10/21178744-1024x651.jpg]
[nhstayside.foundation/wp-content/uploads/2024/10/398126597_741094404729432_5382920708755685318_n-1024x768.jpg]
[nhstayside.foundation/2024/10/02/say-something-dundee/index.html]
[nhstayside.foundation/wp-content/uploads/2024/10/Beanotown-7-3ihcp75hs-e1727170541745-620x372-1.jpg]
[nhstayside.foundation/our-projects/index966e.html]
[nhstayside.foundation/wp-content/uploads/2024/07/IMG-20240726-WA0001-1024x473.jpg]
[nhstayside.foundation/2024/10/01/supporting-playful-green-planet-a-community-driven-initiative/index.html]
[nhstayside.foundation/wp-content/uploads/2024/06/Shakti.png]
[nhstayside.foundation/2024/07/31/improved-mobility-the-circle/index.html]
[nhstayside.foundation/wp-content/uploads/2024/06/Picture-1-1.jpg]
[nhstayside.foundation/2024/06/24/shakti-womens-aid/index.html]
[nhstayside.foundation/wp-content/uploads/2024/06/lochee-hub.jpg]
[nhstayside.foundation/2024/06/24/art-angel-walk-talk-and-create/index.html]
[nhstayside.foundation/wp-content/uploads/2024/06/Picture-8.jpg]
[nhstayside.foundation/2024/06/24/dvva-lochee-and-whitfield-community-hubs/index.html]
[nhstayside.foundation/wp-content/uploads/2024/05/Our-Dragons-1024x683.jpg]
[nhstayside.foundation/2024/06/24/adhd-adults-support-group/index.html]
[nhstayside.foundation/our-projects/index7a3f.html]
[nhstayside.foundation/2024/05/28/dragons-den-event/index.html]
[nhstayside.foundation/wp-content/uploads/2024/04/participants-at-our-family-fun-group-scaled-2-e1712669623578-1024x616.webp]
[nhstayside.foundation/2024/04/08/get-out-get-active-goga-tayside/index.html]
[nhstayside.foundation/wp-content/uploads/2024/01/Case-StudyPics-Master-CS5-1024x614.jpg]
[nhstayside.foundation/wp-content/uploads/2024/01/Case-StudyPics-Master-CS04-1024x614.jpg]
[nhstayside.foundation/2024/01/18/ninewells-community-garden/index.html]
[nhstayside.foundation/wp-content/uploads/2024/01/Case-StudyPics-Master-CS3-1024x614.jpg]
[nhstayside.foundation/2024/01/18/elder-voice/index.html]
[nhstayside.foundation/wp-content/uploads/2024/01/Case-StudyPics-Master-CS2-1024x614.jpg]
[nhstayside.foundation/2024/01/18/ward-30-information-app/index.html]
[nhstayside.foundation/wp-content/uploads/2024/01/Case-StudyPics-Master-CS1-2-1024x614.jpg]
[nhstayside.foundation/2024/01/17/capability-scotland-our-inclusive-community/index.html]
[nhstayside.foundation/our-projects/index2e6c.html]
[nhstayside.foundation/wp-content/litespeed/ucss/ffe36d8a81e03446cb75f150ed1340aa4c8a.css]
[nhstayside.foundation/index18ee.html]
[nhstayside.foundation/wp-content/litespeed/ucss/80ae6db020f339298121eb0d78eef4784c8a.css]
[nhstayside.foundation/index9ae4.html]
[nhstayside.foundation/wp-content/litespeed/ucss/a0725bdce4bd89f32ce2588d8025b37f4c8a.css]
[nhstayside.foundation/index52a0.html]
[nhstayside.foundation/wp-content/litespeed/ucss/497d7a1b02af0946a332e47ac33ef9904c8a.css]
[nhstayside.foundation/indexa474.html]
[nhstayside.foundation/2024/01/17/tayside-council-on-alcohol/index.html]
[nhstayside.foundation/wp-json/wp/v2/posts/3468.json]
[nhstayside.foundation/wp-json/oembed/1.0/embed18f9.json]
[nhstayside.foundation/wp-json/oembed/1.0/embedeab1]
[nhstayside.foundation/2025/02/19/feeding-bellies-not-bins-with-signpost-international/index.html]
[nhstayside.foundation/2025/02/07/neutral-baby-gift-set/index.html]
[nhstayside.foundation/wp-json/wp/v2/posts/3343.json]
[nhstayside.foundation/wp-json/oembed/1.0/embed5daf.json]
[nhstayside.foundation/wp-json/oembed/1.0/embedd043]
[nhstayside.foundation/2025/01/28/nhs-tayside-charitable-foundation-supports-kanzen-for-life-with-25000-funding-boost/index.html]
[nhstayside.foundation/2025/02/07/baby-boy-gift-set/index.html]
[nhstayside.foundation/wp-json/wp/v2/posts/2762.json]
[nhstayside.foundation/wp-json/oembed/1.0/embed5ed8.json]
[nhstayside.foundation/wp-json/oembed/1.0/embed23b5]
[nhstayside.foundation/wp-content/uploads/2025/01/20250117_165447-scaled.jpg]
[nhstayside.foundation/2025/01/20/the-impact-of-cake-or-dice-and-neon-digital/index.html]
[nhstayside.foundation/wp-content/litespeed/ucss/8d74b577826858dc8a23087842a5a89e4c8a.css]
[nhstayside.foundation/category/case-study/page/2/index.html]
[nhstayside.foundation/2024/11/26/cosy-sloth-mug-gift-set/index.html]
[nhstayside.foundation/wp-json/wp/v2/posts/2725.json]
[nhstayside.foundation/wp-json/oembed/1.0/embed599a.json]
[nhstayside.foundation/category/case-study/page/3/index.html]
[nhstayside.foundation/wp-json/oembed/1.0/embed5cd4]
[nhstayside.foundation/2024/10/07/new-therapeutic-garden-blooms-at-perth-royal-infirmary/index.html]
[nhstayside.foundation/wp-content/litespeed/ucss/600423c17026d68075762ba3f46731944c8a.css]
[nhstayside.foundation/index51ca.html]
[nhstayside.foundation/index4801.html]
[nhstayside.foundation/wp-content/litespeed/ucss/abb8d10c1c572b3de2a59e8824db18134c8a.css]
[nhstayside.foundation/index6414.html]
[nhstayside.foundation/wp-content/litespeed/ucss/0169c7576e2e0aed723610cb3aa584da4c8a.css]
[nhstayside.foundation/index2207.html]
[nhstayside.foundation/wp-content/litespeed/css/cf1608e6e85ba1349c9128e31c44644b590e.css]
[nhstayside.foundation/wp-content/litespeed/css/90bd8fef553c2a2996acd838eb721a5fe59b.css]
[nhstayside.foundation/wp-includes/fonts/dashicons7d4b.ttf]
[nhstayside.foundation/2024/11/26/arran-03-discovery-box/index.html]
[nhstayside.foundation/wp-content/litespeed/css/1683c36a602a3d0259849c32582eedfce2cb.css]
[nhstayside.foundation/wp-content/litespeed/css/20cfb673d9bdb2c31ef56d82b306f4f8f158.css]
[nhstayside.foundation/wp-content/litespeed/css/71c342de1cad9049b8a73be07dfa722e419f.css]
[nhstayside.foundation/wp-content/litespeed/css/8ae1e575297d1b9275f40df0ecdadbafab51.css]
[nhstayside.foundation/wp-content/litespeed/css/5ce4503e009d2b9c4052bff9184abd7c9e55.css]
[nhstayside.foundation/wp-content/litespeed/css/c26e57f582c4d18d892c1f8346a238f00961.css]
[nhstayside.foundation/wp-content/litespeed/css/b40de1a47dfe62e62001665711102a403d1d.css]
[nhstayside.foundation/wp-content/litespeed/css/beca550e0523d7795385aa22149395796850.css]
[nhstayside.foundation/wp-content/litespeed/css/5869cc67dc60192cfd48b2885671bf05c78f.css]
[nhstayside.foundation/wp-content/litespeed/css/f7f30995e730a942d9364dcad42f5fb782b7.css]
[nhstayside.foundation/wp-content/litespeed/css/e738c9be3efaff1cfb42df5c995b4b1fdda1.css]
[nhstayside.foundation/wp-content/litespeed/css/acdec32c4a3190bd6e5a12289f9ac172e528.css]
[nhstayside.foundation/wp-content/litespeed/css/9bfb004bc22dd45abc009774213b4d055880.css]
[nhstayside.foundation/wp-content/plugins/elementor/assets/lib/eicons/fonts/eiconsfcca.eot]
[nhstayside.foundation/wp-content/plugins/elementor/assets/lib/eicons/fonts/eiconsfcca.woff2]
[nhstayside.foundation/wp-content/plugins/elementor/assets/lib/eicons/fonts/eiconsfcca.woff]
[nhstayside.foundation/wp-content/plugins/elementor/assets/lib/eicons/fonts/eiconsfcca.ttf]
[nhstayside.foundation/wp-content/plugins/elementor/assets/lib/eicons/fonts/eiconsfcca.svg]
[nhstayside.foundation/wp-content/litespeed/css/6e661d7cbbb79c02673152b7cf8906b72e74.css]
[nhstayside.foundation/wp-content/litespeed/css/b9bacae873366be91a42a615b52a38dc2ea0.css]
[nhstayside.foundation/wp-content/litespeed/css/03e81975e05fecea400eac951de128c3a97f.css]
[nhstayside.foundation/wp-content/litespeed/css/6395f39dec2b11864ac8af361f9c9f064566.css]
[nhstayside.foundation/wp-content/litespeed/css/2eae9fe71bb19f3ed7ad01f286ec9c94206e.css]
[nhstayside.foundation/wp-content/plugins/elementskit-lite/widgets/init/assets/img/arrow.png]
[nhstayside.foundation/wp-content/plugins/elementskit-lite/widgets/init/assets/img/sort_asc.png]
[nhstayside.foundation/wp-content/plugins/elementskit-lite/widgets/init/assets/img/sort_desc.png]
[nhstayside.foundation/wp-content/plugins/elementskit-lite/widgets/init/assets/img/sort_asc_disabled.png]
[nhstayside.foundation/wp-content/plugins/elementskit-lite/widgets/init/assets/img/cross-out.svg]
[nhstayside.foundation/wp-content/litespeed/css/36ef549cde462b1047ba75e548f034993178.css]
[nhstayside.foundation/wp-content/litespeed/css/66a0fa5953323dac87b103f74873e6b0ee91.css]
[nhstayside.foundation/wp-content/litespeed/css/5abc05288699d4cf1dc58512b36c7dc1bb4a.css]
[nhstayside.foundation/wp-content/litespeed/css/5d887c682a2aa05238c8ddfe5d56250b5d0d.css]
[nhstayside.foundation/wp-content/plugins/elementor/assets/lib/font-awesome/webfonts/fa-solid-900.eot]
[nhstayside.foundation/wp-content/plugins/elementor/assets/lib/font-awesome/webfonts/fa-solid-900d41d.eot]
[nhstayside.foundation/wp-content/plugins/elementor/assets/lib/font-awesome/webfonts/fa-solid-900.woff2]
[nhstayside.foundation/wp-content/plugins/elementor/assets/lib/font-awesome/webfonts/fa-solid-900.woff]
[nhstayside.foundation/wp-content/plugins/elementor/assets/lib/font-awesome/webfonts/fa-solid-900.ttf]
[nhstayside.foundation/wp-content/litespeed/css/7c994b05cd95b2785f5268673f253ae18a7a.css]
[nhstayside.foundation/wp-content/plugins/elementor/assets/lib/font-awesome/webfonts/fa-brands-400.eot]
[nhstayside.foundation/wp-content/plugins/elementor/assets/lib/font-awesome/webfonts/fa-solid-900.svg]
[nhstayside.foundation/wp-content/plugins/elementor/assets/lib/font-awesome/webfonts/fa-brands-400d41d.eot]
[nhstayside.foundation/wp-content/plugins/elementor/assets/lib/font-awesome/webfonts/fa-brands-400.woff2]
[nhstayside.foundation/wp-content/plugins/elementor/assets/lib/font-awesome/webfonts/fa-brands-400.woff]
[nhstayside.foundation/wp-content/plugins/elementor/assets/lib/font-awesome/webfonts/fa-brands-400.ttf]
[nhstayside.foundation/wp-content/litespeed/css/975c1a3aac8f1781a3a52e006154a579e51a.css]
[nhstayside.foundation/indexf604.html]
[nhstayside.foundation/wp-content/uploads/2023/10/NHSTCF-MasterLogo-POS.svg]
[nhstayside.foundation/wp-content/uploads/2023/10/NHSTCF-MasterLogo-POS-NS.svg]
[nhstayside.foundation/wp-content/litespeed/css/1fff9c17f05e7fb49bf0ca4196a2c469e8a3.css]
[nhstayside.foundation/wp-content/litespeed/css/d5c1e5cb7ee52f195b9f05e3f4e3d2fc68c5.css]
[nhstayside.foundation/wp-content/plugins/elementskit-lite/modules/elementskit-icon-pack/assets/fonts/elementskit97ac.woff]
[nhstayside.foundation/wp-content/plugins/elementor/assets/lib/font-awesome/webfonts/fa-brands-400.svg]
[nhstayside.foundation/wp-content/litespeed/css/3fed2d3fd78e4e9e69b24d93be23d17987ff.css]
[nhstayside.foundation/wp-content/litespeed/css/2a6e8c269c61f743b3c9d9a77f138a8bd82f.css]
[nhstayside.foundation/wp-content/litespeed/css/699f259b61b245acc9c4711c34c2e38572a5.css]
[nhstayside.foundation/wp-content/litespeed/css/4c27e48f3d83ca78e87888ac63def69d8d1d.css]
[nhstayside.foundation/wp-content/uploads/elementor/google-fonts/fonts/merriweather-u-4c0qyriqwlorhsvowk_l5-etxcvx0zbwlvkh2gk9hlmp0v5ya-xxpqczlvf-adrggj.woff2]
[nhstayside.foundation/wp-content/litespeed/css/4f39e2f182f4eda323f117d4c42803c50e0d.css]
[nhstayside.foundation/wp-content/uploads/elementor/google-fonts/fonts/montserrat-jtuqjig1_i6t8kchkm459wxrxc7mw9c.woff2]
[nhstayside.foundation/wp-content/litespeed/css/da37b2eca59fcc88ea9489b7630dc9eb64a4.css]
[nhstayside.foundation/index9dd0.html]
[nhstayside.foundation/index444b.html]
[nhstayside.foundation/wp-content/litespeed/css/f002164a5ea339acde2f57cde2c2088641f2.css]
[nhstayside.foundation/wp-content/litespeed/css/50e3379bc951b77a92b8d93104ddcf0b39cb.css]
[nhstayside.foundation/wp-content/litespeed/css/653d9911b1e2e08888c9003065274d6296b4.css]
[nhstayside.foundation/wp-content/litespeed/css/45ca6fa5335604000594d46604612a8f743a.css]
[nhstayside.foundation/wp-content/litespeed/css/0a3419548f1b993a49d23fa184ca6c1c7f7f.css]
[nhstayside.foundation/wp-json/wp/v2/posts/2716.json]
[nhstayside.foundation/wp-json/oembed/1.0/embed84ef.json]
[nhstayside.foundation/wp-json/oembed/1.0/embed1936]
[nhstayside.foundation/wp-content/litespeed/js/740598256c9f743e5bab460d28f06335d242.js]
[nhstayside.foundation/wp-content/litespeed/js/1fa45c808bc6d82730e1d0905e7011b902a2.js]
[nhstayside.foundation/2024/10/02/say-something-dundee/index.html]
[nhstayside.foundation/wp-json/wp/v2/posts/2709.json]
[nhstayside.foundation/wp-json/oembed/1.0/embed18a5.json]
[nhstayside.foundation/wp-json/oembed/1.0/embed895e]
[nhstayside.foundation/2024/10/01/supporting-playful-green-planet-a-community-driven-initiative/index.html]
[nhstayside.foundation/wp-json/wp/v2/posts/2473.json]
[nhstayside.foundation/wp-json/oembed/1.0/embed124e.json]
[nhstayside.foundation/wp-json/oembed/1.0/embed1ca2]
[nhstayside.foundation/2024/07/31/improved-mobility-the-circle/index.html]
[nhstayside.foundation/wp-json/wp/v2/posts/2225.json]
[nhstayside.foundation/wp-json/oembed/1.0/embede49b.json]
[nhstayside.foundation/wp-json/oembed/1.0/embed477b]
[nhstayside.foundation/2024/06/24/shakti-womens-aid/index.html]
[nhstayside.foundation/wp-json/wp/v2/posts/2191.json]
[nhstayside.foundation/wp-json/oembed/1.0/embed74f3.json]
[nhstayside.foundation/wp-json/oembed/1.0/embed96b1]
[nhstayside.foundation/wp-content/uploads/2024/06/Picture-2-1.jpg]
[nhstayside.foundation/wp-content/uploads/2024/06/Picture-3-1.jpg]
[nhstayside.foundation/wp-content/uploads/2024/06/Picture-4-1.jpg]
[nhstayside.foundation/wp-content/uploads/2024/06/Picture-5-1.jpg]
[nhstayside.foundation/2024/06/24/art-angel-walk-talk-and-create/index.html]
[nhstayside.foundation/wp-json/wp/v2/posts/2220.json]
[nhstayside.foundation/wp-json/oembed/1.0/embed5b25.json]
[nhstayside.foundation/wp-json/oembed/1.0/embed47f5]
[nhstayside.foundation/2024/06/24/dvva-lochee-and-whitfield-community-hubs/index.html]
[nhstayside.foundation/wp-json/wp/v2/posts/2208.json]
[nhstayside.foundation/wp-json/oembed/1.0/embed9231.json]
[nhstayside.foundation/wp-json/oembed/1.0/embedbc03]
[nhstayside.foundation/wp-content/uploads/2024/06/Picture-10.jpg]
[nhstayside.foundation/wp-content/uploads/2024/06/Picture-11.jpg]
[nhstayside.foundation/wp-content/uploads/2024/06/Picture-7.png]
[nhstayside.foundation/wp-content/uploads/2024/06/Picture-6-1.jpg]
[nhstayside.foundation/wp-content/uploads/2024/06/Picture-9.jpg]
[nhstayside.foundation/2024/06/24/adhd-adults-support-group/index.html]
[nhstayside.foundation/wp-json/wp/v2/posts/2142.json]
[nhstayside.foundation/wp-json/oembed/1.0/embed6eda.json]
[nhstayside.foundation/wp-json/oembed/1.0/embeded96]
[nhstayside.foundation/wp-content/uploads/2024/05/Ewan-Eadie-683x1024.jpg]
[nhstayside.foundation/wp-content/uploads/2024/05/Clement-Seeballuck-683x1024.jpg]
[nhstayside.foundation/wp-content/uploads/2024/05/Emma-Duckworth-683x1024.jpg]
[nhstayside.foundation/wp-content/uploads/2024/05/Gillian-Chin-Trisha-Chin-683x1024.jpg]
[nhstayside.foundation/wp-content/uploads/2024/05/Eilaine-White-Suzanne-Gray-683x1024.jpg]
[nhstayside.foundation/wp-content/uploads/2024/05/Robert-Ives-683x1024.jpg]
[nhstayside.foundation/wp-content/uploads/2024/05/Dragons-Den-18.jpg]
[nhstayside.foundation/wp-content/uploads/2024/05/Dragons-Den-36.jpg]
[nhstayside.foundation/wp-content/uploads/2024/05/Dragons-Den-67.jpg]
[nhstayside.foundation/wp-content/uploads/2024/05/Dragons-Den-61.jpg]
[nhstayside.foundation/wp-content/uploads/2024/05/Dragons-Den-66.jpg]
[nhstayside.foundation/wp-content/uploads/2024/05/Dragons-Den-47.jpg]
[nhstayside.foundation/2024/05/28/dragons-den-event/index.html]
[nhstayside.foundation/wp-json/wp/v2/posts/2032.json]
[nhstayside.foundation/wp-json/oembed/1.0/embed48e6.json]
[nhstayside.foundation/wp-json/oembed/1.0/embed78b3]
[nhstayside.foundation/wp-content/uploads/2024/04/3.jpg]
[nhstayside.foundation/wp-content/uploads/2024/04/4.jpg]
[nhstayside.foundation/wp-content/uploads/2024/04/5.jpg]
[nhstayside.foundation/wp-content/uploads/2024/04/Picture-1.jpg]
[nhstayside.foundation/2024/04/08/get-out-get-active-goga-tayside/index.html]
[nhstayside.foundation/wp-json/wp/v2/posts/764.json]
[nhstayside.foundation/wp-json/oembed/1.0/embed3acb.json]
[nhstayside.foundation/wp-json/oembed/1.0/embede32e]
[nhstayside.foundation/wp-content/uploads/2024/01/Mock-Up-interior.jpg]
[nhstayside.foundation/wp-content/uploads/2024/01/Welcome-to-Bertha-Park-scaled.jpg]
[nhstayside.foundation/wp-content/uploads/2024/01/Resident-reviewing-the-mock-up-spaces-scaled.jpg]
[nhstayside.foundation/wp-content/uploads/2024/01/ADS-Workshop.jpg]
[nhstayside.foundation/2024/01/18/ninewells-community-garden/index.html]
[nhstayside.foundation/wp-json/wp/v2/posts/741.json]
[nhstayside.foundation/wp-json/oembed/1.0/embed5c5f.json]
[nhstayside.foundation/wp-json/oembed/1.0/embed2212]
[nhstayside.foundation/wp-content/uploads/2024/01/Choir-web.jpg]
[nhstayside.foundation/wp-content/uploads/2024/01/Minibus-web.jpg]
[nhstayside.foundation/wp-content/uploads/2024/01/Peel-Farm-Outing-web.jpg]
[nhstayside.foundation/wp-content/uploads/2024/01/Volunteer-and-wheelchair-user.jpg]
[nhstayside.foundation/2024/01/18/elder-voice/index.html]
[nhstayside.foundation/wp-content/litespeed/css/166e324e83942d0bdb7761318b85162e2521.css]
[nhstayside.foundation/wp-json/wp/v2/posts/726.json]
[nhstayside.foundation/wp-json/oembed/1.0/embed3eb9.json]
[nhstayside.foundation/wp-json/oembed/1.0/embed8487]
[nhstayside.foundation/2024/01/18/ward-30-information-app/index.html]
[nhstayside.foundation/wp-json/wp/v2/posts/616.json]
[nhstayside.foundation/wp-json/oembed/1.0/embed13a1.json]
[nhstayside.foundation/wp-json/oembed/1.0/embede172]
[nhstayside.foundation/2024/01/17/capability-scotland-our-inclusive-community/index.html]
[nhstayside.foundation/wp-json/wp/v2/posts/562.json]
[nhstayside.foundation/2024/01/17/tayside-council-on-alcohol/feed/index.html]
[nhstayside.foundation/wp-json/oembed/1.0/embedf2d8.json]
[nhstayside.foundation/wp-json/oembed/1.0/embed6170]
[nhstayside.foundation/wp-content/uploads/2024/01/FB_IMG_1657461041373.jpg]
[nhstayside.foundation/wp-content/uploads/2024/01/FB_IMG_1657461113333.jpg]
[nhstayside.foundation/wp-content/uploads/2024/01/FB_IMG_1657461332814.jpg]
[nhstayside.foundation/wp-content/uploads/2024/01/image.png]
[nhstayside.foundation/wp-content/uploads/2024/01/Nick-Naloxone.png]
[nhstayside.foundation/wp-content/uploads/2024/01/Team-Shot-2.jpg]
[nhstayside.foundation/2024/01/17/tayside-council-on-alcohol/index.html]
[nhstayside.foundation/index01d8.html]
[nhstayside.foundation/wp-json/wp/v2/posts/3375.json]
[nhstayside.foundation/2025/02/07/neutral-baby-gift-set/feed/index.html]
[nhstayside.foundation/wp-json/oembed/1.0/embed6976.json]
[nhstayside.foundation/wp-json/oembed/1.0/embed3fdd]
[nhstayside.foundation/wp-content/uploads/2025/02/NHSTCF-BB-2-683x1024.jpg]
[nhstayside.foundation/2025/02/07/neutral-baby-gift-set/index.html]
[nhstayside.foundation/index4601.html]
[nhstayside.foundation/2025/02/07/baby-boy-octopus-set/index.html]
[nhstayside.foundation/wp-json/wp/v2/posts/3365.json]
[nhstayside.foundation/2025/02/07/baby-boy-gift-set/feed/index.html]
[nhstayside.foundation/wp-json/oembed/1.0/embedbcda.json]
[nhstayside.foundation/wp-json/oembed/1.0/embed286a]
[nhstayside.foundation/wp-content/uploads/2025/02/NHSTCF-BB-1-683x1024.jpg]
[nhstayside.foundation/2025/02/07/baby-boy-gift-set/index.html]
[nhstayside.foundation/index22c9.html]
[nhstayside.foundation/2025/02/07/baby-girl-gift-set/index.html]
[nhstayside.foundation/wp-json/wp/v2/posts/3030.json]
[nhstayside.foundation/2024/11/26/cosy-sloth-mug-gift-set/feed/index.html]
[nhstayside.foundation/wp-json/oembed/1.0/embeda13a.json]
[nhstayside.foundation/wp-json/oembed/1.0/embeda57d]
[nhstayside.foundation/wp-content/uploads/2024/11/Cosy-Sloth-Mug-Gift-Set-14.50-683x1024.jpg]
[nhstayside.foundation/2024/11/26/cosy-sloth-mug-gift-set/index.html]
[nhstayside.foundation/category/case-study/page/3/index.html]
[nhstayside.foundation/indexa9e1.html]
[nhstayside.foundation/2024/11/26/cosy-melts-socks-gift-set/index.html]
[nhstayside.foundation/wp-json/wp/v2/posts/2979.json]
[nhstayside.foundation/2024/11/26/arran-03-discovery-box/feed/index.html]
[nhstayside.foundation/wp-json/oembed/1.0/embed06fa.json]
[nhstayside.foundation/wp-json/oembed/1.0/embedee70]
[nhstayside.foundation/wp-content/uploads/2024/11/new-Arran-03-Discovery-Box-10.00-image-2-683x1024.jpg]
[nhstayside.foundation/2024/11/26/arran-03-discovery-box/index.html]
[nhstayside.foundation/wp-content/plugins/elementor/assets/lib/eicons/fonts/eiconsfcca.svg]
[nhstayside.foundation/wp-content/plugins/elementskit-lite/widgets/init/assets/img/cross-out.svg]
[nhstayside.foundation/wp-content/plugins/elementor/assets/lib/font-awesome/webfonts/fa-solid-900.svg]
[nhstayside.foundation/wp-content/plugins/elementor/assets/lib/font-awesome/webfonts/fa-brands-400.svg]
[nhstayside.foundation/wp-content/litespeed/css/f002164a5ea339acde2f57cde2c2088641f2.css]
[nhstayside.foundation/wp-content/litespeed/css/50e3379bc951b77a92b8d93104ddcf0b39cb.css]
[nhstayside.foundation/wp-content/litespeed/css/653d9911b1e2e08888c9003065274d6296b4.css]
[nhstayside.foundation/wp-content/litespeed/css/45ca6fa5335604000594d46604612a8f743a.css]
[nhstayside.foundation/wp-content/litespeed/css/0a3419548f1b993a49d23fa184ca6c1c7f7f.css]
[nhstayside.foundation/indexd48b.html]
[nhstayside.foundation/index816a.html]
[nhstayside.foundation/indexc60b.html]
[nhstayside.foundation/indexf11b.html]
[nhstayside.foundation/indexe96d.html]
[nhstayside.foundation/index34ae.html]
[nhstayside.foundation/indexd7b5.html]
[nhstayside.foundation/index1fe5.html]
[nhstayside.foundation/index7d12.html]
[nhstayside.foundation/indexa102.html]
[nhstayside.foundation/index00c2.html]
[nhstayside.foundation/wp-content/litespeed/css/166e324e83942d0bdb7761318b85162e2521.css]
[nhstayside.foundation/index23a8.html]
[nhstayside.foundation/index8372.html]
[nhstayside.foundation/indexf652.html]
[nhstayside.foundation/indexb006.html]
[nhstayside.foundation/2024/11/26/arran-after-the-rain-discovery-box/index.html]
[nhstayside.foundation/wp-json/wp/v2/posts/3372.json]
[nhstayside.foundation/2025/02/07/baby-boy-octopus-set/feed/index.html]
[nhstayside.foundation/wp-json/oembed/1.0/embed5d65.json]
[nhstayside.foundation/wp-json/oembed/1.0/embedbafb]
[nhstayside.foundation/wp-content/uploads/2025/02/NHSTCF-BB-3-683x1024.jpg]
[nhstayside.foundation/2025/02/07/baby-boy-octopus-set/index.html]
[nhstayside.foundation/indexc4d6.html]
[nhstayside.foundation/wp-json/wp/v2/posts/3368.json]
[nhstayside.foundation/2025/02/07/baby-girl-gift-set/feed/index.html]
[nhstayside.foundation/wp-json/oembed/1.0/embedab33.json]
[nhstayside.foundation/wp-json/oembed/1.0/embedf909]
[nhstayside.foundation/wp-content/uploads/2025/02/NHSTCF-BB-4-683x1024.jpg]
[nhstayside.foundation/2025/02/07/baby-girl-gift-set/index.html]
[nhstayside.foundation/index6a77.html]
[nhstayside.foundation/wp-json/wp/v2/posts/3028.json]
[nhstayside.foundation/2024/11/26/cosy-melts-socks-gift-set/feed/index.html]
[nhstayside.foundation/wp-json/oembed/1.0/embedf73e.json]
[nhstayside.foundation/wp-json/oembed/1.0/embed89b1]
[nhstayside.foundation/wp-content/uploads/2024/11/Cosy-Gift-Set-Burner-Melts-and-Socks-13.00-image-3-683x1024.jpg]
[nhstayside.foundation/2024/11/26/cosy-melts-socks-gift-set/index.html]
[nhstayside.foundation/index63d9.html]
[nhstayside.foundation/2024/11/26/cosy-dog-mug-gift-set/index.html]
[nhstayside.foundation/wp-json/wp/v2/posts/2986.json]
[nhstayside.foundation/2024/11/26/arran-after-the-rain-discovery-box/feed/index.html]
[nhstayside.foundation/wp-json/oembed/1.0/embed34ca.json]
[nhstayside.foundation/wp-json/oembed/1.0/embed3552]
[nhstayside.foundation/wp-content/uploads/2024/11/NEW-Arran-03-Discovery-Gift-Set-13.00-2nd-image-683x1024.jpg]
[nhstayside.foundation/2024/11/26/arran-after-the-rain-discovery-box/index.html]
[nhstayside.foundation/index6122.html]
[nhstayside.foundation/index471e.html]
[nhstayside.foundation/index3c52.html]
[nhstayside.foundation/2024/11/26/arran-glenashdale-discovery-box/index.html]
[nhstayside.foundation/wp-json/wp/v2/posts/3025.json]
[nhstayside.foundation/2024/11/26/cosy-dog-mug-gift-set/feed/index.html]
[nhstayside.foundation/wp-json/oembed/1.0/embed4d85.json]
[nhstayside.foundation/wp-json/oembed/1.0/embedcc94]
[nhstayside.foundation/wp-content/uploads/2024/11/Cosy-Dog-Mug-Gift-Set-14.50-Assorted-image-2-683x1024.jpg]
[nhstayside.foundation/2024/11/26/cosy-dog-mug-gift-set/index.html]
[nhstayside.foundation/index9fc3.html]
[nhstayside.foundation/2024/11/26/cosy-bees-gift-set/index.html]
[nhstayside.foundation/wp-json/wp/v2/posts/2989.json]
[nhstayside.foundation/2024/11/26/arran-glenashdale-discovery-box/feed/index.html]
[nhstayside.foundation/wp-json/oembed/1.0/embedbcc7.json]
[nhstayside.foundation/wp-json/oembed/1.0/embed1a7c]
[nhstayside.foundation/wp-content/uploads/2024/11/new-Arran-Glenashdale-Discovery-Box-10.00-image-2-683x1024.jpg]
[nhstayside.foundation/2024/11/26/arran-glenashdale-discovery-box/index.html]
[nhstayside.foundation/indexbdc0.html]
[nhstayside.foundation/2024/11/26/arran-kildonan-discovery-box/index.html]
[nhstayside.foundation/wp-json/wp/v2/posts/3017.json]
[nhstayside.foundation/2024/11/26/cosy-bees-gift-set/feed/index.html]
[nhstayside.foundation/wp-json/oembed/1.0/embed2fe0.json]
[nhstayside.foundation/wp-json/oembed/1.0/embed4e6e]
[nhstayside.foundation/wp-content/uploads/2024/11/Cosy-Gift-Set-Bees-Flowers-Oil-Burner-Socks-And-Melts-15.00-683x1024.jpg]
[nhstayside.foundation/2024/11/26/cosy-bees-gift-set/index.html]
[nhstayside.foundation/indexe4fe.html]
[nhstayside.foundation/2024/11/26/arran-selections-discovery-box/index.html]
[nhstayside.foundation/wp-json/wp/v2/posts/3001.json]
[nhstayside.foundation/2024/11/26/arran-kildonan-discovery-box/feed/index.html]
[nhstayside.foundation/wp-json/oembed/1.0/embed6634.json]
[nhstayside.foundation/wp-json/oembed/1.0/embed62c7]
[nhstayside.foundation/wp-content/uploads/2024/11/NEW-Arran-Kildonan-Discovery-Box-10.00-image-2-683x1024.jpg]
[nhstayside.foundation/2024/11/26/arran-kildonan-discovery-box/index.html]
[nhstayside.foundation/index52e6.html]
[nhstayside.foundation/2024/11/26/arran-lochranza-machrie-discovery-box/index.html]
[nhstayside.foundation/wp-json/wp/v2/posts/3009.json]
[nhstayside.foundation/2024/11/26/arran-selections-discovery-box/feed/index.html]
[nhstayside.foundation/wp-json/oembed/1.0/embed1922.json]
[nhstayside.foundation/wp-json/oembed/1.0/embedadbc]
[nhstayside.foundation/wp-content/uploads/2024/11/nEW-Arran-Selections-Discovery-Box-10.00-image-2-683x1024.jpg]
[nhstayside.foundation/2024/11/26/arran-selections-discovery-box/index.html]
[nhstayside.foundation/indexdc17.html]
[nhstayside.foundation/wp-json/wp/v2/posts/3004.json]
[nhstayside.foundation/2024/11/26/arran-lochranza-machrie-discovery-box/feed/index.html]
[nhstayside.foundation/wp-json/oembed/1.0/embed059d.json]
[nhstayside.foundation/wp-json/oembed/1.0/embed514e]
[nhstayside.foundation/wp-content/uploads/2024/11/New-Arran-Lochranza-Machrie-Discovery-Box-10.00-image-2-683x1024.jpg]
[nhstayside.foundation/2024/11/26/arran-lochranza-machrie-discovery-box/index.html]
[nhstayside.foundation/indexf65c.html]
[nhstayside.foundation/indexea5a.html]
